src/sections/About.tsx(3,63): error TS6133: 'Instagram' is declared but its value is never read.
src/sections/Hero.tsx(3,18): error TS6133: 'Suspense' is declared but its value is never read.
src/sections/Hero.tsx(6,7): error TS6133: 'Spline' is declared but its value is never read.
